+ export PATH=/usr/local/lib/android/sdk/platform-tools:/opt/hostedtoolcache/Java_Temurin-Hotspot_jdk/17.0.20-1/x64/bin:/snap/bin:/home/runner/.local/bin:/opt/pipx_bin:/home/runner/.cargo/bin:/home/runner/.config/composer/vendor/bin:/usr/local/.ghcup/bin:/home/runner/.dotnet/tools:/usr/local/sbin:/usr/local/bin:/usr/sbin:/usr/bin:/sbin:/bin:/usr/games:/usr/local/games:/snap/bin
+ PATH=/usr/local/lib/android/sdk/platform-tools:/opt/hostedtoolcache/Java_Temurin-Hotspot_jdk/17.0.20-1/x64/bin:/snap/bin:/home/runner/.local/bin:/opt/pipx_bin:/home/runner/.cargo/bin:/home/runner/.config/composer/vendor/bin:/usr/local/.ghcup/bin:/home/runner/.dotnet/tools:/usr/local/sbin:/usr/local/bin:/usr/sbin:/usr/bin:/sbin:/bin:/usr/games:/usr/local/games:/snap/bin
+ which adb
/usr/local/lib/android/sdk/platform-tools/adb
+ EMU=/usr/local/lib/android/sdk/emulator/emulator
+ chmod +x /usr/local/lib/android/sdk/emulator/emulator /usr/local/lib/android/sdk/emulator/qemu-img /usr/local/lib/android/sdk/emulator/mksdcard
+ chmod +x /usr/local/lib/android/sdk/emulator/qemu/linux-x86_64/qemu-system-aarch64 /usr/local/lib/android/sdk/emulator/qemu/linux-x86_64/qemu-system-aarch64-headless /usr/local/lib/android/sdk/emulator/qemu/linux-x86_64/qemu-system-armel /usr/local/lib/android/sdk/emulator/qemu/linux-x86_64/qemu-system-armel-headless /usr/local/lib/android/sdk/emulator/qemu/linux-x86_64/qemu-system-i386 /usr/local/lib/android/sdk/emulator/qemu/linux-x86_64/qemu-system-i386-headless /usr/local/lib/android/sdk/emulator/qemu/linux-x86_64/qemu-system-x86_64 /usr/local/lib/android/sdk/emulator/qemu/linux-x86_64/qemu-system-x86_64-headless
++ date
+ echo 'SCRIPT_STARTED Fri Oct  9 13:06:17 UTC 2026'
+ export ANDROID_AVD_HOME=/home/runner/.android/avd
+ ANDROID_AVD_HOME=/home/runner/.android/avd
+ mkdir -p /home/runner/.android/avd
+ printf 'no\n'
+ /usr/local/lib/android/sdk/cmdline-tools/latest/bin/avdmanager create avd --force --name misgastos --package 'system-images;android-34;google_apis;x86_64' --sdcard 512M --device pixel_5
+ /usr/local/lib/android/sdk/cmdline-tools/latest/bin/avdmanager list avd
+ grep -q misgastos diag/avd-list.txt
+ echo AVD_LISTED_OK
+ sleep 10
+ nohup /usr/local/lib/android/sdk/emulator/emulator -avd misgastos -no-window -gpu swiftshader_indirect -noaudio -no-boot-anim -no-snapshot -camera-back none -memory 3072 -cores 2
+ timeout 180 adb wait-for-device
* daemon not running; starting now at tcp:5037
* daemon started successfully
+ BOOTED=no
++ seq 1 120
+ for i in $(seq 1 120)
++ adb shell getprop sys.boot_completed
++ head -c 1
+ boot=
+ '[' '' = 1 ']'
+ sleep 5
+ for i in $(seq 1 120)
++ adb shell getprop sys.boot_completed
++ head -c 1
+ boot=
+ '[' '' = 1 ']'
+ sleep 5
+ for i in $(seq 1 120)
++ adb shell getprop sys.boot_completed
++ head -c 1
+ boot=
+ '[' '' = 1 ']'
+ sleep 5
+ for i in $(seq 1 120)
++ adb shell getprop sys.boot_completed
++ head -c 1
+ boot=
+ '[' '' = 1 ']'
+ sleep 5
+ for i in $(seq 1 120)
++ head -c 1
++ adb shell getprop sys.boot_completed
+ boot=1
+ '[' 1 = 1 ']'
+ BOOTED=yes
+ break
+ echo BOOTED=yes
+ adb devices -l
+ '[' yes '!=' yes ']'
+ adb install -r app/build/outputs/apk/debug/app-debug.apk
Performing Streamed Install
Success
+ adb logcat -c
+ adb shell am start -W -n com.misgastos.app/.MainActivity
+ sleep 15
+ adb shell pidof com.misgastos.app
+ adb exec-out screencap -p
+ cat
+ tap_node Exportar Export
+ adb shell uiautomator dump /sdcard/ui.xml
+ adb pull /sdcard/ui.xml /home/runner/work/Mis-Gastos/Mis-Gastos/repro/ui.xml
+ python3 /home/runner/work/Mis-Gastos/Mis-Gastos/repro/tap.py /home/runner/work/Mis-Gastos/Mis-Gastos/repro/ui.xml Exportar Export
+ sleep 3
+ adb exec-out screencap -p
+ tap_node 'Ajustes de reconocimiento' 'Recognition settings'
+ adb shell uiautomator dump /sdcard/ui.xml
+ adb pull /sdcard/ui.xml /home/runner/work/Mis-Gastos/Mis-Gastos/repro/ui.xml
+ python3 /home/runner/work/Mis-Gastos/Mis-Gastos/repro/tap.py /home/runner/work/Mis-Gastos/Mis-Gastos/repro/ui.xml 'Ajustes de reconocimiento' 'Recognition settings'
+ sleep 12
+ adb exec-out screencap -p
+ adb shell pidof com.misgastos.app
+ adb shell input keyevent KEYCODE_BACK
+ sleep 3
+ adb exec-out screencap -p
+ adb shell pidof com.misgastos.app
+ tap_node Añadir Add
+ adb shell uiautomator dump /sdcard/ui.xml
+ adb pull /sdcard/ui.xml /home/runner/work/Mis-Gastos/Mis-Gastos/repro/ui.xml
+ python3 /home/runner/work/Mis-Gastos/Mis-Gastos/repro/tap.py /home/runner/work/Mis-Gastos/Mis-Gastos/repro/ui.xml Añadir Add
+ sleep 3
+ adb exec-out screencap -p
+ tap_node 'Escanear ticket' 'Scan receipt'
+ adb shell uiautomator dump /sdcard/ui.xml
+ adb pull /sdcard/ui.xml /home/runner/work/Mis-Gastos/Mis-Gastos/repro/ui.xml
+ python3 /home/runner/work/Mis-Gastos/Mis-Gastos/repro/tap.py /home/runner/work/Mis-Gastos/Mis-Gastos/repro/ui.xml 'Escanear ticket' 'Scan receipt'
+ sleep 12
+ adb exec-out screencap -p
+ adb shell pidof com.misgastos.app
+ sleep 5
+ adb logcat -d
+ adb logcat -d -b crash
+ grep -c 'FATAL EXCEPTION' repro/logcat_full.txt
+ true
++ date
+ echo 'SCRIPT_DONE Fri Oct  9 13:08:03 UTC 2026'
